Initialized native services in: /Users/stefanoschiavone/.gradle/native
Initialized jansi services in: /Users/stefanoschiavone/.gradle/native
The client will now receive all logging from the daemon (pid: 6152). The daemon log file: /Users/stefanoschiavone/.gradle/daemon/9.1.0/daemon-6152.out.log
Starting 16th build in daemon [uptime: 56 mins 45.83 secs, performance: 100%, GC rate: 0.00/s, heap usage: 3% of 512 MiB, non-heap usage: 27% of 384 MiB]
Using 8 worker leases.
Now considering [/Users/stefanoschiavone/Documents/University/Sem3/LaborPlanner/labor-planner-backend] as hierarchies to watch
Watching the file system is configured to be enabled if available
File system watching is active
Starting Build
Settings evaluated using settings file '/Users/stefanoschiavone/Documents/University/Sem3/LaborPlanner/labor-planner-backend/settings.gradle'.
Projects loaded. Root project using build file '/Users/stefanoschiavone/Documents/University/Sem3/LaborPlanner/labor-planner-backend/build.gradle'.
Included projects: [root project 'backend']

> Configure project :
Evaluating root project 'backend' using build file '/Users/stefanoschiavone/Documents/University/Sem3/LaborPlanner/labor-planner-backend/build.gradle'.
Resolved plugin [id: 'java']
Resolved plugin [id: 'org.springframework.boot', version: '3.5.5']
Resolved plugin [id: 'io.spring.dependency-management', version: '1.1.7']
Resolved plugin [id: 'org.sonarqube', version: '7.1.0.6387']
Resolved plugin [id: 'jacoco']
Applying dependency management to configuration 'annotationProcessor' in project 'backend'
Applying dependency management to configuration 'apiElements' in project 'backend'
Applying dependency management to configuration 'archives' in project 'backend'
Applying dependency management to configuration 'bootArchives' in project 'backend'
Applying dependency management to configuration 'compileClasspath' in project 'backend'
Applying dependency management to configuration 'compileOnly' in project 'backend'
Applying dependency management to configuration 'default' in project 'backend'
Applying dependency management to configuration 'developmentOnly' in project 'backend'
Applying dependency management to configuration 'implementation' in project 'backend'
Applying dependency management to configuration 'mainSourceElements' in project 'backend'
Applying dependency management to configuration 'productionRuntimeClasspath' in project 'backend'
Applying dependency management to configuration 'runtimeClasspath' in project 'backend'
Applying dependency management to configuration 'runtimeElements' in project 'backend'
Applying dependency management to configuration 'runtimeOnly' in project 'backend'
Applying dependency management to configuration 'testAndDevelopmentOnly' in project 'backend'
Applying dependency management to configuration 'testAnnotationProcessor' in project 'backend'
Applying dependency management to configuration 'testCompileClasspath' in project 'backend'
Applying dependency management to configuration 'testCompileOnly' in project 'backend'
Applying dependency management to configuration 'testImplementation' in project 'backend'
Applying dependency management to configuration 'testResultsElementsForTest' in project 'backend'
Applying dependency management to configuration 'testRuntimeClasspath' in project 'backend'
Applying dependency management to configuration 'testRuntimeOnly' in project 'backend'
Applying dependency management to configuration 'jacocoAgent' in project 'backend'
Applying dependency management to configuration 'jacocoAnt' in project 'backend'
Applying dependency management to configuration 'coverageDataElementsForTest' in project 'backend'
All projects evaluated.
Task name matched 'test'
Selected primary task 'test' from project :
Starting process 'command '/usr/libexec/java_home''. Working directory: /Users/stefanoschiavone/.gradle/daemon/9.1.0 Command: /usr/libexec/java_home -V
Successfully started process 'command '/usr/libexec/java_home''
Java Toolchain auto-detection failed to find local MacOS system JVMs
Resolving global dependency management for project 'backend'
Excluding []
Excluding []
Excluding []
Excluding []
Excluding []
Excluding []
Excluding []
Tasks to be executed: [task ':compileJava', task ':processResources', task ':classes', task ':compileTestJava', task ':processTestResources', task ':testClasses', task ':test', task ':jacocoTestReport', task ':integrationTest']
Tasks that were excluded: []
Resolve mutations for :compileJava (Thread[#2153,Execution worker,5,main]) started.
:compileJava (Thread[#2153,Execution worker,5,main]) started.

> Task :compileJava UP-TO-DATE
Custom actions are attached to task ':compileJava'.
Caching disabled for task ':compileJava' because:
  Build cache is disabled
Skipping task ':compileJava' as it is up-to-date.
Resolve mutations for :processResources (Thread[#2157,Execution worker Thread 5,5,main]) started.
:processResources (Thread[#2157,Execution worker Thread 5,5,main]) started.

> Task :processResources UP-TO-DATE
Caching disabled for task ':processResources' because:
  Build cache is disabled
  Not worth caching
Skipping task ':processResources' as it is up-to-date.
Resolve mutations for :classes (Thread[#2157,Execution worker Thread 5,5,main]) started.
:classes (Thread[#2152,included builds,5,main]) started.

> Task :classes UP-TO-DATE
Skipping task ':classes' as it has no actions.
Resolve mutations for :compileTestJava (Thread[#2152,included builds,5,main]) started.
:compileTestJava (Thread[#2152,included builds,5,main]) started.

> Task :compileTestJava UP-TO-DATE
Custom actions are attached to task ':compileTestJava'.
Caching disabled for task ':compileTestJava' because:
  Build cache is disabled
Skipping task ':compileTestJava' as it is up-to-date.
Resolve mutations for :processTestResources (Thread[#2157,Execution worker Thread 5,5,main]) started.
:processTestResources (Thread[#2157,Execution worker Thread 5,5,main]) started.

> Task :processTestResources UP-TO-DATE
Caching disabled for task ':processTestResources' because:
  Build cache is disabled
  Not worth caching
Skipping task ':processTestResources' as it is up-to-date.
Resolve mutations for :testClasses (Thread[#2157,Execution worker Thread 5,5,main]) started.
:testClasses (Thread[#2157,Execution worker Thread 5,5,main]) started.

> Task :testClasses UP-TO-DATE
Skipping task ':testClasses' as it has no actions.
Resolve mutations for :test (Thread[#2157,Execution worker Thread 5,5,main]) started.
:test (Thread[#2157,Execution worker Thread 5,5,main]) started.

> Task :test UP-TO-DATE
Custom actions are attached to task ':test'.
Caching disabled for task ':test' because:
  Build cache is disabled
Skipping task ':test' as it is up-to-date.
Resolve mutations for :jacocoTestReport (Thread[#2157,Execution worker Thread 5,5,main]) started.
:jacocoTestReport (Thread[#2157,Execution worker Thread 5,5,main]) started.

> Task :jacocoTestReport UP-TO-DATE
Caching disabled for task ':jacocoTestReport' because:
  Build cache is disabled
Skipping task ':jacocoTestReport' as it is up-to-date.
Resolve mutations for :integrationTest (Thread[#2157,Execution worker Thread 5,5,main]) started.
:integrationTest (Thread[#2157,Execution worker Thread 5,5,main]) started.

> Task :integrationTest UP-TO-DATE
Custom actions are attached to task ':integrationTest'.
Caching disabled for task ':integrationTest' because:
  Build cache is disabled
Skipping task ':integrationTest' as it is up-to-date.

No tests were executed during this Gradle invocation - skipping combined test summary.

[Incubating] Problems report is available at: file:///Users/stefanoschiavone/Documents/University/Sem3/LaborPlanner/labor-planner-backend/build/reports/problems/problems-report.html

Deprecated Gradle features were used in this build, making it incompatible with Gradle 10.

You can use '--warning-mode all' to show the individual deprecation warnings and determine if they come from your own scripts or plugins.

For more on this, please refer to https://docs.gradle.org/9.1.0/userguide/command_line_interface.html#sec:command_line_warnings in the Gradle documentation.

BUILD SUCCESSFUL in 748ms
7 actionable tasks: 7 up-to-date
Watched directory hierarchies: [/Users/stefanoschiavone/Documents/University/Sem3/LaborPlanner/labor-planner-backend]
